mads 2.1.0
  3726 					opt l+
    95
    96 				.print 'RUNLIB: ',RUNLIB,'..',*
    96 				RUNLIB: $201F..$217B
    97
    98 				; ------------------------------------------------------------
    99
   100 217B			START
   101 217B BA				tsx
   102 217C 8E 43 24			stx MAIN.@halt+1
   103
   104 					.ifdef fmulinit
   105 					fmulinit
   106 					eif
   107
   108 = 0004			VLEN	= VARDATASIZE-VARINITSIZE
   109 = 24B0			VADR	= DATAORIGIN+VARINITSIZE
   110
   111 					ift VADR > $BFFF
   112 					ert 'Invalid memory address range ',VADR
   113 					eli (VLEN>0) && (VLEN<=256)
   114 217F A2 FC			ldx #256-VLEN
   115 2181 A9 00			lda #0
   116 2183 9D B4 23 E8 D0 FA		sta:rne VADR+VLEN-256,x+
   117 					eli VLEN>0
   118 					@fill #VADR #VLEN #0
   119 					eif
   120
   121 2189 A2 0F			ldx #$0f
   122 218B BD 40 03 9D 46 24 + 	mva:rpl $340,x MAIN.IOCB@COPY,x-
   123
   124 2194 E8				inx		; X = 0 !!!
   125 2195 86 8E			stx bp		; lo BP = 0
   126
   127 2197				UNITINITIALIZATION
Macro: UNITINITIALIZATION [Source: fs.a65]
   128
   129 2197			.local	MAIN						; PROCEDURE
   130
   131 2197 4C 3F 24			jmp l_0026
   132
   133 				; ------------------------------------------------------------
   134
   135 219A			.local	SYSTEM						; UNIT
   136
   137 				; ------------------------------------------------------------
   138
   139 = 0648			M_PI_2	= $0648
   140 = 0192			D_PI_2	= $0192
   141 = 0004			D_PI_180	= $0004
   142 = 0000			MGTIA	= $0000
   143 = 0080			MVBXE	= $0080
   144 = 0000			VBXE_XDLADR	= $0000
   145 = 0100			VBXE_BCBADR	= $0100
   146 = 1000			VBXE_MAPADR	= $1000
   147 = 5000			VBXE_OVRADR	= $5000
   148 = B000			VBXE_WINDOW	= $B000
   149 = 0000			IDLI	= $0000
   150 = 0001			IVBL	= $0001
   151 = 00FE			CH_DELCHR	= $00FE
   152 = 009B			CH_ENTER	= $009B
   153 = 001B			CH_ESC	= $001B
   154 = 001C			CH_CURS_UP	= $001C
   155 = 001D			CH_CURS_DOWN	= $001D
   156 = 001E			CH_CURS_LEFT	= $001E
   157 = 001F			CH_CURS_RIGHT	= $001F
   158 = 007F			CH_TAB	= $007F
   159 = 009B			CH_EOL	= $009B
   160 = 007D			CH_CLR	= $007D
   161 = 00FD			CH_BELL	= $00FD
   162 = 007E			CH_DEL	= $007E
   163 = 009C			CH_DELLINE	= $009C
   164 = 009D			CH_INSLINE	= $009D
   165 = 0000			COLOR_BLACK	= $0000
   166 = 000E			COLOR_WHITE	= $000E
   167 = 0032			COLOR_RED	= $0032
   168 = 0096			COLOR_CYAN	= $0096
   169 = 0068			COLOR_VIOLET	= $0068
   170 = 00C4			COLOR_GREEN	= $00C4
   171 = 0074			COLOR_BLUE	= $0074
   172 = 00EE			COLOR_YELLOW	= $00EE
   173 = 0028			COLOR_ORANGE	= $0028
   174 = 00E4			COLOR_BROWN	= $00E4
   175 = 003C			COLOR_LIGHTRED	= $003C
   176 = 0004			COLOR_GRAY1	= $0004
   177 = 0006			COLOR_GRAY2	= $0006
   178 = 000A			COLOR_GRAY3	= $000A
   179 = 00CC			COLOR_LIGHTGREEN	= $00CC
   180 = 007C			COLOR_LIGHTBLUE	= $007C
   181 = 0004			FMOPENREAD	= $0004
   182 = 0008			FMOPENWRITE	= $0008
   183 = 0009			FMOPENAPPEND	= $0009
   184 = 000C			FMOPENREADWRITE	= $000C
   185 = 2458			SCREENWIDTH	= DATAORIGIN+$0000
   186 = 245A			SCREENHEIGHT	= DATAORIGIN+$0002
   187 = 245C			DATESEPARATOR	= DATAORIGIN+$0004
   188 = D014			TVSYSTEM	= $D014
   189 = 02C0			adr.PALETTE	= $02C0
   190 219A			.var PALETTE	= adr.PALETTE .word
   191 = D012			adr.HPALETTE	= $D012
   192 219A			.var HPALETTE	= adr.HPALETTE .word
   193 = 245D			FILEMODE	= DATAORIGIN+$0005
   194 = 245E			SCREENMODE	= DATAORIGIN+$0006
   195 = 245F			IORESULT	= DATAORIGIN+$0007
   196 = 2460			EOLN	= DATAORIGIN+$0008
   197 = 2461			RNDSEED	= DATAORIGIN+$0009
   198
   199 = 219A C0 02		PALETTE
   199 = 219C 12 D0		HPALETTE
   199 				.endl							; UNIT SYSTEM
   200
   201 				; ------------------------------------------------------------
   202
   203 219E			.local	DOS						; UNIT
   204
   205 				; ------------------------------------------------------------
   206
   207 = D014			PALNTSC	= $D014
   208
   209 				.endl							; UNIT DOS
   210
   211 				; ------------------------------------------------------------
   212
   213 219E			.local	STRUTILS					; UNIT
   214
   215 				; ------------------------------------------------------------
   216
   217 				.endl							; UNIT STRUTILS
   218
   219 				; ------------------------------------------------------------
   220
   221 219E			.local	SYSUTILS					; UNIT
   222
   223 				; ------------------------------------------------------------
   224
   225 = 0001			FAREADONLY	= $0001
   226 = 0002			FAHIDDEN	= $0002
   227 = 0004			FASYSFILE	= $0004
   228 = 0008			FAVOLUMEID	= $0008
   229 = 0010			FADIRECTORY	= $0010
   230 = 0020			FAARCHIVE	= $0020
   231 = 003F			FAANYFILE	= $003F
   232
   233 				.endl							; UNIT SYSUTILS
   234
   235 				; ------------------------------------------------------------
   236
   237 219E			.local	ATARI						; UNIT
   238
   239 				; ------------------------------------------------------------
   240
   241 = 0012			RTCLOK	= $0012
   242 = 004D			ATRACT	= $004D
   243 = 0052			LMARGIN	= $0052
   244 = 0053			RMARGIN	= $0053
   245 = 0054			ROWCRS	= $0054
   246 = 0055			COLCRS	= $0055
   247 = 0057			DINDEX	= $0057
   248 = 0058			SAVMSC	= $0058
   249 = 006A			RAMTOP	= $006A
   250 = 0200			VDSLST	= $0200
   251 = 0230			SDLSTL	= $0230
   252 = 0290			TXTROW	= $0290
   253 = 0291			TXTCOL	= $0291
   254 = 0293			TINDEX	= $0293
   255 = 0294			TXTMSC	= $0294
   256 = 022F			SDMCTL	= $022F
   257 = 026F			GPRIOR	= $026F
   258 = 02F0			CRSINH	= $02F0
   259 = 02F3			CHACT	= $02F3
   260 = 02F4			CHBAS	= $02F4
   261 = 02FC			CH	= $02FC
   262 = 02C0			PCOLR0	= $02C0
   263 = 02C1			PCOLR1	= $02C1
   264 = 02C2			PCOLR2	= $02C2
   265 = 02C3			PCOLR3	= $02C3
   266 = 02C4			COLOR0	= $02C4
   267 = 02C5			COLOR1	= $02C5
   268 = 02C6			COLOR2	= $02C6
   269 = 02C7			COLOR3	= $02C7
   270 = 02C8			COLOR4	= $02C8
   271 = 02C8			COLBAKS	= $02C8
   272 = D000			HPOSP0	= $D000
   273 = D001			HPOSP1	= $D001
   274 = D002			HPOSP2	= $D002
   275 = D003			HPOSP3	= $D003
   276 = D004			HPOSM0	= $D004
   277 = D005			HPOSM1	= $D005
   278 = D006			HPOSM2	= $D006
   279 = D007			HPOSM3	= $D007
   280 = D008			SIZEP0	= $D008
   281 = D009			SIZEP1	= $D009
   282 = D00A			SIZEP2	= $D00A
   283 = D00B			SIZEP3	= $D00B
   284 = D00C			SIZEM	= $D00C
   285 = D00D			GRAFP0	= $D00D
   286 = D00E			GRAFP1	= $D00E
   287 = D00F			GRAFP2	= $D00F
   288 = D010			GRAFP3	= $D010
   289 = D011			GRAFM	= $D011
   290 = D004			P0PF	= $D004
   291 = D014			PAL	= $D014
   292 = D012			COLPM0	= $D012
   293 = D013			COLPM1	= $D013
   294 = D014			COLPM2	= $D014
   295 = D015			COLPM3	= $D015
   296 = D016			COLPF0	= $D016
   297 = D017			COLPF1	= $D017
   298 = D018			COLPF2	= $D018
   299 = D019			COLPF3	= $D019
   300 = D01A			COLBK	= $D01A
   301 = D01B			PRIOR	= $D01B
   302 = D01D			GRACTL	= $D01D
   303 = D01E			HITCLR	= $D01E
   304 = D200			AUDF1	= $D200
   305 = D201			AUDC1	= $D201
   306 = D202			AUDF2	= $D202
   307 = D203			AUDC2	= $D203
   308 = D204			AUDF3	= $D204
   309 = D205			AUDC3	= $D205
   310 = D206			AUDF4	= $D206
   311 = D207			AUDC4	= $D207
   312 = D208			AUDCTL	= $D208
   313 = D20F			SKSTAT	= $D20F
   314 = D301			PORTB	= $D301
   315 = D400			DMACTL	= $D400
   316 = D401			CHACTL	= $D401
   317 = D402			DLISTL	= $D402
   318 = D404			HSCROL	= $D404
   319 = D405			VSCROL	= $D405
   320 = D407			PMBASE	= $D407
   321 = D409			CHBASE	= $D409
   322 = D40A			WSYNC	= $D40A
   323 = D40B			VCOUNT	= $D40B
   324 = D40C			PENH	= $D40C
   325 = D40D			PENV	= $D40D
   326 = D40E			NMIEN	= $D40E
   327
   328 				.endl							; UNIT ATARI
   329
   330 				; ------------------------------------------------------------
   331
   332 219E			.local	CRT						; UNIT
   333
   334 219E			.local	READKEY						; FUNCTION | ASSEMBLER
   335
   336 				; ---------------------  ASM Block 063  ---------------------
   337
   338 219E 8A 48			txa:pha
   339
   340 21A0 20 6B 21			@GetKey
   341
   342 21A3 8D 64 24			sta Result
   343
   344 21A6 68 AA			pla:tax
   345
   346 21A8			@exit
   347
   348 				; ------------------------------------------------------------
   349
   350 				; Push BYTE / CHAR / SHORTINT / BOOLEAN
   351 				; as Pointer
   352
   353 21A8 E8				inx						; add bx, 1
   354 21A9 AD 64 24 95 98		mva RESULT :STACKORIGIN,x
   355
   356 					.ifdef @new
   357 					@FreeMem #@VarData #@VarDataSize
   358 					eif
   359
   360 				; ------------------------------------------------------------
   361
   362 = 2464			RESULT	= DATAORIGIN+$000C
   363
   364 = 2464			@VarData	= RESULT
   365 = 0001			@VarDataSize	= 1
   366
   367 21AE 60				rts						; ret
   368 				.endl
   369
   370 				; ------------------------------------------------------------
   371
   372 = 2463			TEXTATTR	= DATAORIGIN+$000B
   373 = D01F			CONSOL	= $D01F
   374 = 0000			CN_START_SELECT_OPTION	= $0000
   375 = 0001			CN_SELECT_OPTION	= $0001
   376 = 0002			CN_START_OPTION	= $0002
   377 = 0003			CN_OPTION	= $0003
   378 = 0004			CN_START_SELECT	= $0004
   379 = 0005			CN_SELECT	= $0005
   380 = 0006			CN_START	= $0006
   381 = 0007			CN_NONE	= $0007
   382 = 0000			BW40	= $0000
   383 = 0001			CO40	= $0001
   384 = 0002			BW80	= $0002
   385 = 0003			CO80	= $0003
   386 = 0007			MONO	= $0007
   387 = 0001			C40	= $0001
   388 = 0003			C80	= $0003
   389 = 0000			BLACK	= $0000
   390 = 0001			BLUE	= $0001
   391 = 0002			GREEN	= $0002
   392 = 0003			CYAN	= $0003
   393 = 0004			RED	= $0004
   394 = 0005			MAGENTA	= $0005
   395 = 0006			BROWN	= $0006
   396 = 0007			LIGHTGRAY	= $0007
   397 = 0008			DARKGRAY	= $0008
   398 = 0009			LIGHTBLUE	= $0009
   399 = 000A			LIGHTGREEN	= $000A
   400 = 000B			LIGHTCYAN	= $000B
   401 = 000C			LIGHTRED	= $000C
   402 = 000D			LIGHTMAGENTA	= $000D
   403 = 000E			YELLOW	= $000E
   404 = 000F			WHITE	= $000F
   405 = 0080			BLINK	= $0080
   406
   407 				.endl							; UNIT CRT
   408
   409 				; ------------------------------------------------------------
   410
   411 21AF			.local	TYPES						; UNIT
   412
   413 				; ------------------------------------------------------------
   414
   415 				.endl							; UNIT TYPES
   416
   417 				; ------------------------------------------------------------
   418
   419 21AF			.local	GRAPH						; UNIT
   420
   421 21AF			.local	INITGRAPH_007A					; PROCEDURE | OVERLOAD
   422
   423 				; ------------------------------------------------------------
   424
   425 				; Generate Assignment for BYTE / CHAR / SHORTINT / BOOLEAN
   426 				; as Pointer
   427 21AF B5 98 8D 82 24		mva :STACKORIGIN,x MODE
   428 21B4 CA				dex						; sub bx, 1
   429
   430 				; optimize OK (GRAPH), line = 73
   431
   432 21B5 A9 00 8D 6D 24		mva #$00 GRAPHRESULT
   433
   434 				; optimize OK (GRAPH), line = 75
   435
   436 21BA AD 82 24 8D 5E 24		mva MODE SYSTEM.SCREENMODE
   437
   438 				; ---------------------  ASM Block 074  ---------------------
   439
   440
   441 21C0 8A 48			txa:pha
   442
   443 21C2 A9 2C 8D 58 21		mva #$2c @putchar.vbxe
   444
   445 21C7 AD 82 24			lda mode
   446 21CA 29 0F			and #$0f
   447 21CC A8				tay
   448
   449 21CD A2 60			ldx #$60	; 6*16
   450 21CF AD 82 24			lda mode	; %00010000 with text window
   451 21D2 29 10			and #$10
   452 21D4 49 10			eor #$10
   453 21D6 09 02			ora #2		; read
   454
   455 					.nowarn @graphics
   455 21D8 20 29 21		 JSR @GRAPHICS
   456 					
   457 					
   458 = EE6D			tlshc	equ $ee6d
   459
   460 21DB A6 57			ldx dindex
   461 21DD BC 6D EE			ldy tlshc,x
   462 21E0 A9 05			lda #5
   463 21E2 0A			shift	asl @
   464 21E3 88				dey
   465 21E4 D0 FC			bne shift
   466
   467 21E6 8D 81 24			sta SCANLINE_WIDTH
   468 					
   469
   470 				; Fox/TQA
   471
   472 = 0057			dindex	equ $57
   473 = EE7D			tmccn	equ $ee7d
   474 = EE8D			tmrcn	equ $ee8d
   475
   476 21E9 A6 57			ldx dindex
   477 21EB BD 7D EE			lda tmccn,x
   478 21EE BC 8D EE			ldy tmrcn,x
   479 21F1 A2 00			ldx #0
   480 21F3 C9 40			cmp #<320
   481 21F5 D0 01 E8			sne:inx
   482 				    
   483 				; X:A = horizontal resolution
   484 				; Y = vertical resolution
   485
   486 21F8 8D 58 24			sta MAIN.SYSTEM.ScreenWidth
   487 21FB 8E 59 24			stx MAIN.SYSTEM.ScreenWidth+1
   488 					
   489 21FE 38 E9 01			sub #1
   490 2201 8D 67 24			sta WIN_RIGHT
   491 2204 8A				txa
   492 2205 E9 00			sbc #0
   493 2207 8D 68 24			sta WIN_RIGHT+1
   494 					
   495 220A 8C 5A 24			sty MAIN.SYSTEM.ScreenHeight
   496 220D A9 00			lda #0
   497 220F 8D 5B 24			sta MAIN.SYSTEM.ScreenHeight+1
   498 					
   499 2212 8D 65 24			sta WIN_LEFT
   500 2215 8D 66 24			sta WIN_LEFT+1
   501 2218 8D 69 24			sta WIN_TOP
   502 221B 8D 6A 24			sta WIN_TOP+1
   503
   504 221E 8D 6C 24			sta WIN_BOTTOM+1	
   505 2221 88				dey
   506 2222 8C 6B 24			sty WIN_BOTTOM
   507
   508 2225 68 AA			pla:tax
   509
   510
   511 				; ------------------------------------------------------------
   512
   513 = 2482			MODE	= DATAORIGIN+$002A
   514
   515 = 2482			@VarData	= MODE
   516 = 0001			@VarDataSize	= 1
   517
   518 2227			@exit
   519 					.ifdef @new
   520 					@FreeMem #@VarData #@VarDataSize
   521 					eif
   522 2227 60				rts						; ret
   523 				.endl
   524
   525 				; ------------------------------------------------------------
   526
   527 = FFFFFF80		CURRENTDRIVER	= $FFFFFF80
   528 = 0000			DETECT	= $0000
   529 = 0001			CGA	= $0001
   530 = 0002			MCGA	= $0002
   531 = 0003			EGA	= $0003
   532 = 0004			EGA64	= $0004
   533 = 0005			EGAMONO	= $0005
   534 = 0006			LOWRES	= $0006
   535 = 0007			HERCMONO	= $0007
   536 = 0009			VGA	= $0009
   537 = 000A			VESA	= $000A
   538 = 000B			D1BIT	= $000B
   539 = 000C			D2BIT	= $000C
   540 = 000D			D4BIT	= $000D
   541 = 000E			D6BIT	= $000E
   542 = 000F			D8BIT	= $000F
   543 = 0010			D12BIT	= $0010
   544 = 0018			M640X400	= $0018
   545 = 0018			M640X480	= $0018
   546 = 0000			GROK	= $0000
   547 = FFFFFFFF		GRNOINITGRAPH	= $FFFFFFFF
   548 = FFFFFFFE		GRNOTDETECTED	= $FFFFFFFE
   549 = FFFFFFFD		GRFILENOTFOUND	= $FFFFFFFD
   550 = FFFFFFFC		GRINVALIDDRIVER	= $FFFFFFFC
   551 = FFFFFFFB		GRNOLOADMEM	= $FFFFFFFB
   552 = FFFFFFFA		GRNOSCANMEM	= $FFFFFFFA
   553 = FFFFFFF9		GRNOFLOODMEM	= $FFFFFFF9
   554 = FFFFFFF8		GRFONTNOTFOUND	= $FFFFFFF8
   555 = FFFFFFF7		GRNOFONTMEM	= $FFFFFFF7
   556 = FFFFFFF6		GRINVALIDMODE	= $FFFFFFF6
   557 = FFFFFFF5		GRERROR	= $FFFFFFF5
   558 = FFFFFFF4		GRIOERROR	= $FFFFFFF4
   559 = FFFFFFF3		GRINVALIDFONT	= $FFFFFFF3
   560 = FFFFFFF2		GRINVALIDFONTNUM	= $FFFFFFF2
   561 = FFFFFFEE		GRINVALIDVERSION	= $FFFFFFEE
   562 = 0000			CGAC0	= $0000
   563 = 0001			CGAC1	= $0001
   564 = 0002			CGAC2	= $0002
   565 = 0003			CGAC3	= $0003
   566 = 0004			CGAHI	= $0004
   567 = 0000			MCGAC0	= $0000
   568 = 0001			MCGAC1	= $0001
   569 = 0002			MCGAC2	= $0002
   570 = 0003			MCGAC3	= $0003
   571 = 0004			MCGAMED	= $0004
   572 = 0005			MCGAHI	= $0005
   573 = 0000			EGALO	= $0000
   574 = 0001			EGAHI	= $0001
   575 = 0000			EGA64LO	= $0000
   576 = 0001			EGA64HI	= $0001
   577 = 0003			EGAMONOHI	= $0003
   578 = 000A			VGALO	= $000A
   579 = 001F			VGAMED	= $001F
   580 = 0018			VGAHI	= $0018
   581 = 2465			WIN_LEFT	= DATAORIGIN+$000D
   582 = 2467			WIN_RIGHT	= DATAORIGIN+$000F
   583 = 2469			WIN_TOP	= DATAORIGIN+$0011
   584 = 246B			WIN_BOTTOM	= DATAORIGIN+$0013
   585 = 246D			GRAPHRESULT	= DATAORIGIN+$0015
   586 = 246E			GETCOLOR	= DATAORIGIN+$0016
   587 = 246F			adr.LASTARCCOORDS	= DATAORIGIN+$0017
   588 2228			.var LASTARCCOORDS	= adr.LASTARCCOORDS .word
   589 = 246F			LASTARCCOORDS.X	= DATAORIGIN+$0017
   590 = 2471			LASTARCCOORDS.Y	= DATAORIGIN+$0019
   591 = 2473			LASTARCCOORDS.XSTART	= DATAORIGIN+$001B
   592 = 2475			LASTARCCOORDS.YSTART	= DATAORIGIN+$001D
   593 = 2477			LASTARCCOORDS.XEND	= DATAORIGIN+$001F
   594 = 2479			LASTARCCOORDS.YEND	= DATAORIGIN+$0021
   595 = 247B			CURRENTX	= DATAORIGIN+$0023
   596 = 247D			CURRENTY	= DATAORIGIN+$0025
   597 = 247F			VIDEORAM	= DATAORIGIN+$0027
   598 = 2481			SCANLINE_WIDTH	= DATAORIGIN+$0029
   599
   600 = 2228 6F 24		LASTARCCOORDS
   600 				.endl							; UNIT GRAPH
   601
   602 222A			.local	CHNDLPROC					; PROCEDURE
   603
   604 				; optimize OK (examples\fs.pas), line = 24
   605
   606 222A AD AB 24			lda adr.NDL+$1C
   607 222D 8D 8E 24			sta TMP
   608
   609 				; optimize OK (examples\fs.pas), line = 25
   610
   611 2230 AD 8E 24			lda TMP
   612 2233 C9 02			cmp #$02
   613 2235 B0 17			jcs l_00DD
   614
   615 				; optimize OK (examples\fs.pas), line = 26
   616
   617 2237 A9 FF 8D AB 24		mva #$FF adr.NDL+$1C
   618
   619 				; optimize OK (examples\fs.pas), line = 27
   620
   621 223C AC AC 24			ldy adr.NDL+$1D
   622 223F 88				dey
   623 2240 8C 8E 24			sty TMP
   624
   625 				; optimize OK (examples\fs.pas), line = 28
   626
   627 2243 A0 1D			ldy #$1D
   628 2245 AD 8E 24 99 8F 24		mva TMP adr.NDL,y
   629
   630 224B 4C 5F 22			jmp l_00FE
   631 224E			l_00DD
   632
   633 				; optimize OK (examples\fs.pas), line = 31
   634
   635 224E AD AB 24			lda adr.NDL+$1C
   636 2251 38 E9 02			sub #$02
   637 2254 8D 8E 24			sta TMP
   638
   639 				; optimize OK (examples\fs.pas), line = 32
   640
   641 2257 A0 1C			ldy #$1C
   642 2259 AD 8E 24 99 8F 24		mva TMP adr.NDL,y
   643 225F			l_00FE
   644 225F			@exit
   645 					.ifdef @new
   646 					@FreeMem #@VarData #@VarDataSize
   647 					eif
   648 225F 60				rts						; ret
   649 				.endl
   650
   651 2260			.local	SCROLPROC					; PROCEDURE
   652
   653 				; optimize OK (examples\fs.pas), line = 38
   654
   655 2260 AD 84 24 8D 04 D4		mva J HSC
   656
   657 				; optimize OK (examples\fs.pas), line = 39
   658
   659 2266 EE 84 24 D0 0D EE + 	ind J
   660
   661 				; optimize OK (examples\fs.pas), line = 40
   662
   663 2278				.LOCAL
   664 2278 AD 87 24			lda J+3
   665 227B B8 38			clv:sec
   666 227D D0 1D			bne L4
   667 227F AD 86 24			lda J+2
   668 2282 D0 0A			bne L1
   669 2284 AD 85 24			lda J+1
   670 2287 D0 05			bne L1
   671 2289 AD 84 24			lda J
   672 228C C9 11			cmp #$11
   673 228E F0 04		L1	beq L2
   674 2290 B0 05			bcs L3
   675 2292 A9 FF			lda #$FF
   676 2294 4C A2 22		L2	jmp L5
   677 2297 A9 01		L3	lda #$01
   678 2299 4C A2 22			jmp L5
   679 229C 50 04		L4	bvc L5
   680 229E 49 FF			eor #$FF
   681 22A0 09 01			ora #$01
   682 22A2			L5
   683 					.ENDL
   684 22A2 D0 23			jne l_0130
   685
   686 				; optimize FAIL ('CHNDLPROC', examples\fs.pas), line = 41
   687 22A4 20 2A 22			jsr CHNDLPROC
   688
   689 				; optimize OK (examples\fs.pas), line = 42
   690
   691 22A7 A9 00 8D 84 24		mva #$00 J
   692 22AC 8D 85 24			sta J+1
   693 22AF 8D 86 24			sta J+2
   694 22B2 8D 87 24			sta J+3
   695
   696 				; optimize OK (examples\fs.pas), line = 43
   697
   698 22B5 EE 88 24 D0 0D EE + 	ind K
   699 22C7			l_0130
   700
   701 				; optimize OK (examples\fs.pas), line = 45
   702
   703 22C7				.LOCAL
   704 22C7 AD 8B 24			lda K+3
   705 22CA B8 38			clv:sec
   706 22CC D0 1D			bne L4
   707 22CE AD 8A 24			lda K+2
   708 22D1 D0 0A			bne L1
   709 22D3 AD 89 24			lda K+1
   710 22D6 D0 05			bne L1
   711 22D8 AD 88 24			lda K
   712 22DB C9 0E			cmp #$0E
   713 22DD F0 04		L1	beq L2
   714 22DF B0 05			bcs L3
   715 22E1 A9 FF			lda #$FF
   716 22E3 4C F1 22		L2	jmp L5
   717 22E6 A9 01		L3	lda #$01
   718 22E8 4C F1 22			jmp L5
   719 22EB 50 04		L4	bvc L5
   720 22ED 49 FF			eor #$FF
   721 22EF 09 01			ora #$01
   722 22F1			L5
   723 					.ENDL
   724 22F1 D0 1E			jne l_0150
   725
   726 				; optimize OK (examples\fs.pas), line = 46
   727
   728 22F3 A0 1C			ldy #$1C
   729 22F5 AD 8C 24 99 8F 24		mva TMPL adr.NDL,y
   730
   731 				; optimize OK (examples\fs.pas), line = 47
   732
   733 22FB A0 1D			ldy #$1D
   734 22FD AD 8D 24 99 8F 24		mva TMPH adr.NDL,y
   735
   736 				; optimize OK (examples\fs.pas), line = 48
   737
   738 2303 A9 00 8D 88 24		mva #$00 K
   739 2308 8D 89 24			sta K+1
   740 230B 8D 8A 24			sta K+2
   741 230E 8D 8B 24			sta K+3
   742 2311			l_0150
   743
   744 				; ---------------------  ASM Block 089  ---------------------
   745
   746
   747 2311 4C 62 E4		    .by $4C $62 $E4 
   748 				  
   749 2314			@exit
   750 					.ifdef @new
   751 					@FreeMem #@VarData #@VarDataSize
   752 					eif
   753 2314 60				rts						; ret
   754 				.endl
   755
   756 2315			.local	MAINPROC					; PROCEDURE
   757
   758 				; optimize FAIL ('GRAPH.INITGRAPH_007A', examples\fs.pas), line = 67
   759 2315 E8				inx
   760 2316 A9 00 95 98			mva #$00 :STACKORIGIN,x
   761 231A 20 AF 21			jsr GRAPH.INITGRAPH_007A
   762
   763 				; optimize OK (examples\fs.pas), line = 68
   764
   765 231D AD 56 24 8D 30 02		mva NDL DLIST
   766 2323 AD 57 24 8D 31 02		mva NDL+1 DLIST+1
   767
   768 				; optimize OK (examples\fs.pas), line = 69
   769
   770 2329 A9 40 85 58			mva #$40 SAV
   771 232D A9 9C 85 59			mva #$9C SAV+1
   772
   773 				; optimize OK (examples\fs.pas), line = 70
   774
   775 2331 A9 0E 8D C4 02		mva #$0E COL0
   776
   777 				; optimize OK (examples\fs.pas), line = 71
   778
   779 2336 8D C5 02			sta COL1
   780 				; --- For
   781
   782 				; optimize OK (examples\fs.pas), line = 72
   783
   784 2339 A9 01 8D B0 24		mva #$01 I
   785 233E A9 00 8D B1 24		mva #$00 I+1
   786 2343 8D B2 24			sta I+2
   787 2346 8D B3 24			sta I+3
   788
   789 				; optimize OK (examples\fs.pas), line = 72
   790
   791 				; --- To
   792 2349			l_0185
   793
   794 				; --- ForToDoCondition
   795
   796 				; optimize OK (examples\fs.pas), line = 72
   797
   798 2349				.LOCAL
   799 2349 AD B3 24			lda I+3
   800 234C B8 38			clv:sec
   801 234E E9 00			sbc #$00
   802 2350 D0 21			bne L4
   803 2352 AD B2 24			lda I+2
   804 2355 C9 00			cmp #$00
   805 2357 D0 0C			bne L1
   806 2359 AD B1 24			lda I+1
   807 235C C9 00			cmp #$00
   808 235E D0 05			bne L1
   809 2360 AD B0 24			lda I
   810 2363 C9 17			cmp #$17
   811 2365 F0 12		L1	beq L5
   812 2367 B0 05			bcs L3
   813 2369 A9 FF			lda #$FF
   814 236B 4C 79 23			jmp L5
   815 236E A9 01		L3	lda #$01
   816 2370 4C 79 23			jmp L5
   817 2373 50 04		L4	bvc L5
   818 2375 49 FF			eor #$FF
   819 2377 09 01			ora #$01
   820 2379			L5
   821 					.ENDL
   822 2379 30 02			smi
   823 237B D0 48			jne l_018F
   824
   825 				; optimize FAIL (100, examples\fs.pas), line = 73
   826 					@printSTRING #CODEORIGIN+$000D
   826 				 LDY> CODEORIGIN+$000D\ LDA< CODEORIGIN+$000D\ JSR @PRINTSTRING
   826 237D A0 20		 LDY> CODEORIGIN+$000D
   826 237F A9 0D		 LDA< CODEORIGIN+$000D
   826 2381 20 42 20		 JSR @PRINTSTRING
   827 2384 E8				inx
   828 2385 AD B0 24 95 98		mva I :STACKORIGIN,x
   829 238A AD B1 24 95 A8		mva I+1 :STACKORIGIN+STACKWIDTH,x
   830 238F AD B2 24 95 B8		mva I+2 :STACKORIGIN+STACKWIDTH*2,x
   831 2394 AD B3 24 95 C8		mva I+3 :STACKORIGIN+STACKWIDTH*3,x
   832 2399 20 8E 20			jsr @printINT
   833 239C CA				dex
   834 					@printSTRING #CODEORIGIN+$0014
   834 				 LDY> CODEORIGIN+$0014\ LDA< CODEORIGIN+$0014\ JSR @PRINTSTRING
   834 239D A0 20		 LDY> CODEORIGIN+$0014
   834 239F A9 14		 LDA< CODEORIGIN+$0014
   834 23A1 20 42 20		 JSR @PRINTSTRING
   835 					@print #$9B
   835 				 LDY# $9B\ JSR @PRINT
   835 23A4 A0 9B		 LDY# $9B
   835 23A6 20 39 20		 JSR @PRINT
   836 					@printSTRING #CODEORIGIN+$0013
   836 				 LDY> CODEORIGIN+$0013\ LDA< CODEORIGIN+$0013\ JSR @PRINTSTRING
   836 23A9 A0 20		 LDY> CODEORIGIN+$0013
   836 23AB A9 13		 LDA< CODEORIGIN+$0013
   836 23AD 20 42 20		 JSR @PRINTSTRING
   837
   838 				; --- ForToDoEpilog
   839 23B0 EE B0 24 D0 0D EE + 	ind I						; inc ptr dword [CounterAddress]
   840 23C2 4C 49 23			jmp l_0185
   841 23C5			l_018F
   842
   843 				; optimize FAIL (100, examples\fs.pas), line = 75
   844 					@printSTRING #CODEORIGIN+$0016
   844 				 LDY> CODEORIGIN+$0016\ LDA< CODEORIGIN+$0016\ JSR @PRINTSTRING
   844 23C5 A0 20		 LDY> CODEORIGIN+$0016
   844 23C7 A9 16		 LDA< CODEORIGIN+$0016
   844 23C9 20 42 20		 JSR @PRINTSTRING
   845
   846 				; optimize OK (examples\fs.pas), line = 76
   847
   848 23CC AD AB 24			lda adr.NDL+$1C
   849 23CF 8D 8C 24			sta TMPL
   850
   851 				; optimize OK (examples\fs.pas), line = 77
   852
   853 23D2 AD AC 24			lda adr.NDL+$1D
   854 23D5 8D 8D 24			sta TMPH
   855
   856 				; optimize OK (examples\fs.pas), line = 78
   857
   858 23D8 A5 14 8D B0 24		mva CLOCK I
   859 23DD A9 00 8D B1 24		mva #$00 I+1
   860 23E2 8D B2 24			sta I+2
   861 23E5 8D B3 24			sta I+3
   862
   863 				; optimize OK (examples\fs.pas), line = 79
   864
   865 23E8 AD B0 24 85 14		mva I CLOCK
   866
   867 				; --- WhileProlog
   868 23ED			l_01C6
   869
   870 				; optimize OK (examples\fs.pas), line = 80
   871
   872 23ED				.LOCAL
   873 23ED A9 00			lda #$00
   874 23EF 38 ED B3 24			sub I+3
   875 23F3 D0 21			bne L4
   876 23F5 A9 00			lda #$00
   877 23F7 CD B2 24			cmp I+2
   878 23FA D0 0C			bne L1
   879 23FC A9 00			lda #$00
   880 23FE CD B1 24			cmp I+1
   881 2401 D0 05			bne L1
   882 2403 A5 14			lda CLOCK
   883 2405 CD B0 24			cmp I
   884 2408 F0 04		L1	beq L2
   885 240A B0 05			bcs L3
   886 240C A9 FF			lda #$FF
   887 240E 4C 1C 24		L2	jmp L5
   888 2411 A9 01		L3	lda #$01
   889 2413 4C 1C 24			jmp L5
   890 2416 50 04		L4	bvc L5
   891 2418 49 FF			eor #$FF
   892 241A 09 01			ora #$01
   893 241C			L5
   894 					.ENDL
   895 241C D0 03			jne l_01D5
   896 241E 4C ED 23			jmp l_01C6
   897 2421			l_01D5
   898
   899 				; optimize OK (examples\fs.pas), line = 82
   900
   901 2421 A9 00 8D 0E D4		mva #$00 NMI
   902
   903 				; optimize OK (examples\fs.pas), line = 83
   904
   905 2426 A9 60 8D 24 02		mva <SCROLPROC VVBLKD
   906 242B A9 22 8D 25 02		mva >SCROLPROC VVBLKD+1
   907
   908 				; optimize OK (examples\fs.pas), line = 84
   909
   910 2430 A9 40 8D 0E D4		mva #$40 NMI
   911
   912 				; optimize FAIL ('CRT.READKEY', examples\fs.pas), line = 85
   913 2435 20 9E 21			jsr CRT.READKEY
   914 2438 B5 98 8D 83 24		mva :STACKORIGIN,x KEY
   915 243D CA				dex
   916
   917 				; ------------------------------------------------------------
   918
   919 = 24B0			I	= DATAORIGIN+$0058
   920 = 0058			SAV	= $0058
   921 = 0014			CLOCK	= $0014
   922 = D40E			NMI	= $D40E
   923 = 0230			DLIST	= $0230
   924 = 0224			VVBLKD	= $0224
   925 = 02C4			COL0	= $02C4
   926 = 02C5			COL1	= $02C5
   927 = 0017			@FORTMP_0182	= $0017
   928
   929 = 24B0			@VarData	= I
   930 = 0004			@VarDataSize	= 4
   931
   932 243E			@exit
   933 					.ifdef @new
   934 					@FreeMem #@VarData #@VarDataSize
   935 					eif
   936 243E 60				rts						; ret
   937 				.endl
   938 243F			l_0026
   939
   940 				; optimize FAIL ('MAINPROC', examples\fs.pas), line = 89
   941 243F 20 15 23			jsr MAINPROC
   942
   943 				; ------------------------------------------------------------
   944
   945 = 2483			KEY	= DATAORIGIN+$002B
   946 = 2484			J	= DATAORIGIN+$002C
   947 = 2488			K	= DATAORIGIN+$0030
   948 = D404			HSC	= $D404
   949 = 248C			TMPL	= DATAORIGIN+$0034
   950 = 248D			TMPH	= DATAORIGIN+$0035
   951 = 248E			TMP	= DATAORIGIN+$0036
   952 = 248F			adr.NDL	= DATAORIGIN+$0037
   953 2442			.var NDL	= adr.NDL .word
   954 2442			@exit
   955
   956 2442 A2 00		@halt	ldx #0
   957 2444 9A				txs
   958
   959 2445 60				rts
   960
   961 				; ------------------------------------------------------------
   962
   963 2446 00 00 00 00 00 00 + IOCB@COPY	:16 brk
   964
   965 				; ------------------------------------------------------------
   966
   967 2456			.local	@DEFINES
   968 2456			ATARI
   969 				.endl
   970
   971 = 2456 8F 24		NDL
   971 				.endl							; MAIN
   972
   973 				; ------------------------------------------------------------
   974 				; ------------------------------------------------------------
   975
   976 				.macro	UNITINITIALIZATION
   977 				
   978 					.ifdef MAIN.SYSTEM.@UnitInit
   979 					jsr MAIN.SYSTEM.@UnitInit
   980 					eif
   981 				
   982 					.ifdef MAIN.DOS.@UnitInit
   983 					jsr MAIN.DOS.@UnitInit
   984 					eif
   985 				
   986 					.ifdef MAIN.STRUTILS.@UnitInit
   987 					jsr MAIN.STRUTILS.@UnitInit
   988 					eif
   989 				
   990 					.ifdef MAIN.SYSUTILS.@UnitInit
   991 					jsr MAIN.SYSUTILS.@UnitInit
   992 					eif
   993 				
   994 					.ifdef MAIN.ATARI.@UnitInit
   995 					jsr MAIN.ATARI.@UnitInit
   996 					eif
   997 				
   998 					.ifdef MAIN.CRT.@UnitInit
   999 					jsr MAIN.CRT.@UnitInit
  1000 					eif
  1001 				
  1002 					.ifdef MAIN.TYPES.@UnitInit
  1003 					jsr MAIN.TYPES.@UnitInit
  1004 					eif
  1005 				
  1006 					.ifdef MAIN.GRAPH.@UnitInit
  1007 					jsr MAIN.GRAPH.@UnitInit
  1008 					eif
  1009 				.endm
  1010
  1011 				; ------------------------------------------------------------
  1012
  1013 					ift .SIZEOF(MAIN.SYSTEM) > 0
  1014 					.print 'SYSTEM: ',MAIN.SYSTEM,'..',MAIN.SYSTEM+.SIZEOF(MAIN.SYSTEM)-1
  1014 				SYSTEM: $219A..$219D
  1015 					eif
  1016
  1017 					ift .SIZEOF(MAIN.DOS) > 0
  1018 					.print 'DOS: ',MAIN.DOS,'..',MAIN.DOS+.SIZEOF(MAIN.DOS)-1
  1019 					eif
  1020
  1021 					ift .SIZEOF(MAIN.STRUTILS) > 0
  1022 					.print 'STRUTILS: ',MAIN.STRUTILS,'..',MAIN.STRUTILS+.SIZEOF(MAIN.STRUTILS)-1
  1023 					eif
  1024
  1025 					ift .SIZEOF(MAIN.SYSUTILS) > 0
  1026 					.print 'SYSUTILS: ',MAIN.SYSUTILS,'..',MAIN.SYSUTILS+.SIZEOF(MAIN.SYSUTILS)-1
  1027 					eif
  1028
  1029 					ift .SIZEOF(MAIN.ATARI) > 0
  1030 					.print 'ATARI: ',MAIN.ATARI,'..',MAIN.ATARI+.SIZEOF(MAIN.ATARI)-1
  1031 					eif
  1032
  1033 					ift .SIZEOF(MAIN.CRT) > 0
  1034 					.print 'CRT: ',MAIN.CRT,'..',MAIN.CRT+.SIZEOF(MAIN.CRT)-1
  1034 				CRT: $219E..$21AE
  1035 					eif
  1036
  1037 					ift .SIZEOF(MAIN.TYPES) > 0
  1038 					.print 'TYPES: ',MAIN.TYPES,'..',MAIN.TYPES+.SIZEOF(MAIN.TYPES)-1
  1039 					eif
  1040
  1041 					ift .SIZEOF(MAIN.GRAPH) > 0
  1042 					.print 'GRAPH: ',MAIN.GRAPH,'..',MAIN.GRAPH+.SIZEOF(MAIN.GRAPH)-1
  1042 				GRAPH: $21AF..$2229
  1043 					eif
  1044
  1045 					.print 'CODE: ',CODEORIGIN,'..',*-1
  1045 				CODE: $2000..$2457
  1046
  1047 				; ------------------------------------------------------------
  1048
  1049 2458			DATAORIGIN
  1050 2458 28 00 18 00 2D 0C + .by  $28 $00 $18 $00 $2D $0C $00 $00  $00 $00 $00 $00 $00 $00 $00 $27  $00 $00 $00 $17 $00 $00 $00 $00
  1051 2470 00 00 00 00 00 00 + .by  $00 $00 $00 $00 $00 $00 $00 $00  $00 $00 $00 $00 $00 $00 $00 $00  $00 $00 $00 $00 $00 $00 $00 $00
  1052 2488 00 00 00 00 00 00 + .by  $00 $00 $00 $00 $00 $00 $00 $70  $70 $70 $42 $40 $9C $02 $02 $02  $02 $02 $02 $02 $02 $02 $02 $02
  1053 24A0 02 02 02 02 02 02 + .by  $02 $02 $02 $02 $02 $02 $02 $02  $02 $02 $56 $D8 $9F $41 $20 $9C
  1054
  1055 = 0058			VARINITSIZE	= *-DATAORIGIN
  1056 = 005C			VARDATASIZE	= 92
  1057
  1058 = 24B4			PROGRAMSTACK	= DATAORIGIN+VARDATASIZE
  1059
  1060 					.print 'DATA: ',DATAORIGIN,'..',PROGRAMSTACK
  1060 				DATA: $2458..$24B4
  1061
  1062 02E0-02E1> 7B 21			run START
  1063
  1064 				; ------------------------------------------------------------
  1065
  1066 				.macro	STATICDATA
  1067 				.by  $04 $54 $52 $55 $45 $00 $05 $46  $41 $4C $53 $45 $00 $05 $6C $69  $6E $65 $3A $00 $00 $00 $07 $41
  1068 				.by  $63 $74 $69 $6F $6E $21 $00
  1069 				.endm
  1070
  1071 					end
